// Jest Snapshot v1, https://goo.gl/fbAQLP

exports[`ImageCard renders correctly 1`] = `
ShallowWrapper {
  "length": 1,
  Symbol(enzyme.__root__): [Circular],
  Symbol(enzyme.__unrendered__): <ImageCard
    img="http://kb4images.com//images/image/37272651-image.jpg"
    subteam="business-team"
/>,
  Symbol(enzyme.__renderer__): Object {
    "batchedUpdates": [Function],
    "getNode": [Function],
    "render": [Function],
    "simulateEvent": [Function],
    "unmount": [Function],
  },
  Symbol(enzyme.__node__): Object {
    "instance": null,
    "key": undefined,
    "nodeType": "host",
    "props": Object {
      "children": <Link
        replace={false}
        to="business-team"
>
        <h3>
                business-team
        </h3>
        <img
                alt=""
                src="http://kb4images.com//images/image/37272651-image.jpg"
        />
</Link>,
      "className": "image-card",
    },
    "ref": null,
    "rendered": Object {
      "instance": null,
      "key": undefined,
      "nodeType": "class",
      "props": Object {
        "children": Array [
          <h3>
            business-team
</h3>,
          <img
            alt=""
            src="http://kb4images.com//images/image/37272651-image.jpg"
/>,
        ],
        "replace": false,
        "to": "business-team",
      },
      "ref": null,
      "rendered": Array [
        Object {
          "instance": null,
          "key": undefined,
          "nodeType": "host",
          "props": Object {
            "children": "business-team",
          },
          "ref": null,
          "rendered": "business-team",
          "type": "h3",
        },
        Object {
          "instance": null,
          "key": undefined,
          "nodeType": "host",
          "props": Object {
            "alt": "",
            "src": "http://kb4images.com//images/image/37272651-image.jpg",
          },
          "ref": null,
          "rendered": null,
          "type": "img",
        },
      ],
      "type": [Function],
    },
    "type": "div",
  },
  Symbol(enzyme.__nodes__): Array [
    Object {
      "instance": null,
      "key": undefined,
      "nodeType": "host",
      "props": Object {
        "children": <Link
          replace={false}
          to="business-team"
>
          <h3>
                    business-team
          </h3>
          <img
                    alt=""
                    src="http://kb4images.com//images/image/37272651-image.jpg"
          />
</Link>,
        "className": "image-card",
      },
      "ref": null,
      "rendered": Object {
        "instance": null,
        "key": undefined,
        "nodeType": "class",
        "props": Object {
          "children": Array [
            <h3>
              business-team
</h3>,
            <img
              alt=""
              src="http://kb4images.com//images/image/37272651-image.jpg"
/>,
          ],
          "replace": false,
          "to": "business-team",
        },
        "ref": null,
        "rendered": Array [
          Object {
            "instance": null,
            "key": undefined,
            "nodeType": "host",
            "props": Object {
              "children": "business-team",
            },
            "ref": null,
            "rendered": "business-team",
            "type": "h3",
          },
          Object {
            "instance": null,
            "key": undefined,
            "nodeType": "host",
            "props": Object {
              "alt": "",
              "src": "http://kb4images.com//images/image/37272651-image.jpg",
            },
            "ref": null,
            "rendered": null,
            "type": "img",
          },
        ],
        "type": [Function],
      },
      "type": "div",
    },
  ],
  Symbol(enzyme.__options__): Object {
    "adapter": ReactSixteenAdapter {
      "options": Object {
        "enableComponentDidUpdateOnSetState": true,
      },
    },
    "disableLifecycleMethods": true,
  },
}
`;
