// Jest Snapshot v1, https://goo.gl/fbAQLP

exports[`InputForm renders correctly 1`] = `
ShallowWrapper {
  "length": 1,
  Symbol(enzyme.__root__): [Circular],
  Symbol(enzyme.__unrendered__): <InputForm />,
  Symbol(enzyme.__renderer__): Object {
    "batchedUpdates": [Function],
    "getNode": [Function],
    "render": [Function],
    "simulateEvent": [Function],
    "unmount": [Function],
  },
  Symbol(enzyme.__node__): Object {
    "instance": null,
    "key": undefined,
    "nodeType": "host",
    "props": Object {
      "children": <form
        action="/admin/team/{{team}}/upload-image"
        encType="multipart/form-data"
        method="post"
>
        <h3>
                Please choose 1 image for your team
        </h3>
        <div
                className="form-group"
        >
                <label>
                        updates
                </label>
                <input
                        className="form-control"
                        name="img"
                        type="file"
                />
        </div>
        <button
                className="btn btn-primary"
                onClick={undefined}
                type="submit"
        >
                Upload
        </button>
        <button
                className="btn btn-danger"
                onClick={[Function]}
                type="button"
        >
                Cancel
        </button>
</form>,
      "className": "upload-modal-content",
      "style": Object {
        "opacity": 0,
      },
    },
    "ref": null,
    "rendered": Object {
      "instance": null,
      "key": undefined,
      "nodeType": "host",
      "props": Object {
        "action": "/admin/team/{{team}}/upload-image",
        "children": Array [
          <h3>
            Please choose 1 image for your team
</h3>,
          <div
            className="form-group"
>
            <label>
                        updates
            </label>
            <input
                        className="form-control"
                        name="img"
                        type="file"
            />
</div>,
          <button
            className="btn btn-primary"
            onClick={undefined}
            type="submit"
>
            Upload
</button>,
          <button
            className="btn btn-danger"
            onClick={[Function]}
            type="button"
>
            Cancel
</button>,
        ],
        "encType": "multipart/form-data",
        "method": "post",
      },
      "ref": null,
      "rendered": Array [
        Object {
          "instance": null,
          "key": undefined,
          "nodeType": "host",
          "props": Object {
            "children": "Please choose 1 image for your team",
          },
          "ref": null,
          "rendered": "Please choose 1 image for your team",
          "type": "h3",
        },
        Object {
          "instance": null,
          "key": undefined,
          "nodeType": "host",
          "props": Object {
            "children": Array [
              <label>
                updates
</label>,
              <input
                className="form-control"
                name="img"
                type="file"
/>,
            ],
            "className": "form-group",
          },
          "ref": null,
          "rendered": Array [
            Object {
              "instance": null,
              "key": undefined,
              "nodeType": "host",
              "props": Object {
                "children": "updates",
              },
              "ref": null,
              "rendered": "updates",
              "type": "label",
            },
            Object {
              "instance": null,
              "key": undefined,
              "nodeType": "host",
              "props": Object {
                "className": "form-control",
                "name": "img",
                "type": "file",
              },
              "ref": null,
              "rendered": null,
              "type": "input",
            },
          ],
          "type": "div",
        },
        Object {
          "instance": null,
          "key": undefined,
          "nodeType": "host",
          "props": Object {
            "children": "Upload",
            "className": "btn btn-primary",
            "onClick": undefined,
            "type": "submit",
          },
          "ref": null,
          "rendered": "Upload",
          "type": "button",
        },
        Object {
          "instance": null,
          "key": undefined,
          "nodeType": "host",
          "props": Object {
            "children": "Cancel",
            "className": "btn btn-danger",
            "onClick": [Function],
            "type": "button",
          },
          "ref": null,
          "rendered": "Cancel",
          "type": "button",
        },
      ],
      "type": "form",
    },
    "type": "div",
  },
  Symbol(enzyme.__nodes__): Array [
    Object {
      "instance": null,
      "key": undefined,
      "nodeType": "host",
      "props": Object {
        "children": <form
          action="/admin/team/{{team}}/upload-image"
          encType="multipart/form-data"
          method="post"
>
          <h3>
                    Please choose 1 image for your team
          </h3>
          <div
                    className="form-group"
          >
                    <label>
                              updates
                    </label>
                    <input
                              className="form-control"
                              name="img"
                              type="file"
                    />
          </div>
          <button
                    className="btn btn-primary"
                    onClick={undefined}
                    type="submit"
          >
                    Upload
          </button>
          <button
                    className="btn btn-danger"
                    onClick={[Function]}
                    type="button"
          >
                    Cancel
          </button>
</form>,
        "className": "upload-modal-content",
        "style": Object {
          "opacity": 0,
        },
      },
      "ref": null,
      "rendered": Object {
        "instance": null,
        "key": undefined,
        "nodeType": "host",
        "props": Object {
          "action": "/admin/team/{{team}}/upload-image",
          "children": Array [
            <h3>
              Please choose 1 image for your team
</h3>,
            <div
              className="form-group"
>
              <label>
                            updates
              </label>
              <input
                            className="form-control"
                            name="img"
                            type="file"
              />
</div>,
            <button
              className="btn btn-primary"
              onClick={undefined}
              type="submit"
>
              Upload
</button>,
            <button
              className="btn btn-danger"
              onClick={[Function]}
              type="button"
>
              Cancel
</button>,
          ],
          "encType": "multipart/form-data",
          "method": "post",
        },
        "ref": null,
        "rendered": Array [
          Object {
            "instance": null,
            "key": undefined,
            "nodeType": "host",
            "props": Object {
              "children": "Please choose 1 image for your team",
            },
            "ref": null,
            "rendered": "Please choose 1 image for your team",
            "type": "h3",
          },
          Object {
            "instance": null,
            "key": undefined,
            "nodeType": "host",
            "props": Object {
              "children": Array [
                <label>
                  updates
</label>,
                <input
                  className="form-control"
                  name="img"
                  type="file"
/>,
              ],
              "className": "form-group",
            },
            "ref": null,
            "rendered": Array [
              Object {
                "instance": null,
                "key": undefined,
                "nodeType": "host",
                "props": Object {
                  "children": "updates",
                },
                "ref": null,
                "rendered": "updates",
                "type": "label",
              },
              Object {
                "instance": null,
                "key": undefined,
                "nodeType": "host",
                "props": Object {
                  "className": "form-control",
                  "name": "img",
                  "type": "file",
                },
                "ref": null,
                "rendered": null,
                "type": "input",
              },
            ],
            "type": "div",
          },
          Object {
            "instance": null,
            "key": undefined,
            "nodeType": "host",
            "props": Object {
              "children": "Upload",
              "className": "btn btn-primary",
              "onClick": undefined,
              "type": "submit",
            },
            "ref": null,
            "rendered": "Upload",
            "type": "button",
          },
          Object {
            "instance": null,
            "key": undefined,
            "nodeType": "host",
            "props": Object {
              "children": "Cancel",
              "className": "btn btn-danger",
              "onClick": [Function],
              "type": "button",
            },
            "ref": null,
            "rendered": "Cancel",
            "type": "button",
          },
        ],
        "type": "form",
      },
      "type": "div",
    },
  ],
  Symbol(enzyme.__options__): Object {
    "adapter": ReactSixteenAdapter {
      "options": Object {
        "enableComponentDidUpdateOnSetState": true,
      },
    },
    "disableLifecycleMethods": true,
  },
}
`;
