// Jest Snapshot v1, https://goo.gl/fbAQLP

exports[`Navbar renders correctly 1`] = `
ShallowWrapper {
  "length": 1,
  Symbol(enzyme.__root__): [Circular],
  Symbol(enzyme.__unrendered__): <Navbar />,
  Symbol(enzyme.__renderer__): Object {
    "batchedUpdates": [Function],
    "getNode": [Function],
    "render": [Function],
    "simulateEvent": [Function],
    "unmount": [Function],
  },
  Symbol(enzyme.__node__): Object {
    "instance": null,
    "key": undefined,
    "nodeType": "host",
    "props": Object {
      "children": Array [
        <li>
          <i
                    aria-hidden="true"
                    className="fa fa-tachometer"
          />
          <a
                    href="/admin/"
          >
                    DashBoard
          </a>
</li>,
        <li>
          <i
                    aria-hidden="true"
                    className="fa fa-sign-out"
          />
          <a
                    href="/logout"
          >
                    Log out
          </a>
</li>,
      ],
      "className": "c-navbar",
    },
    "ref": null,
    "rendered": Array [
      Object {
        "instance": null,
        "key": undefined,
        "nodeType": "host",
        "props": Object {
          "children": Array [
            <i
              aria-hidden="true"
              className="fa fa-tachometer"
/>,
            <a
              href="/admin/"
>
              DashBoard
</a>,
          ],
        },
        "ref": null,
        "rendered": Array [
          Object {
            "instance": null,
            "key": undefined,
            "nodeType": "host",
            "props": Object {
              "aria-hidden": "true",
              "className": "fa fa-tachometer",
            },
            "ref": null,
            "rendered": null,
            "type": "i",
          },
          Object {
            "instance": null,
            "key": undefined,
            "nodeType": "host",
            "props": Object {
              "children": "DashBoard",
              "href": "/admin/",
            },
            "ref": null,
            "rendered": "DashBoard",
            "type": "a",
          },
        ],
        "type": "li",
      },
      Object {
        "instance": null,
        "key": undefined,
        "nodeType": "host",
        "props": Object {
          "children": Array [
            <i
              aria-hidden="true"
              className="fa fa-sign-out"
/>,
            <a
              href="/logout"
>
              Log out
</a>,
          ],
        },
        "ref": null,
        "rendered": Array [
          Object {
            "instance": null,
            "key": undefined,
            "nodeType": "host",
            "props": Object {
              "aria-hidden": "true",
              "className": "fa fa-sign-out",
            },
            "ref": null,
            "rendered": null,
            "type": "i",
          },
          Object {
            "instance": null,
            "key": undefined,
            "nodeType": "host",
            "props": Object {
              "children": "Log out",
              "href": "/logout",
            },
            "ref": null,
            "rendered": "Log out",
            "type": "a",
          },
        ],
        "type": "li",
      },
    ],
    "type": "div",
  },
  Symbol(enzyme.__nodes__): Array [
    Object {
      "instance": null,
      "key": undefined,
      "nodeType": "host",
      "props": Object {
        "children": Array [
          <li>
            <i
                        aria-hidden="true"
                        className="fa fa-tachometer"
            />
            <a
                        href="/admin/"
            >
                        DashBoard
            </a>
</li>,
          <li>
            <i
                        aria-hidden="true"
                        className="fa fa-sign-out"
            />
            <a
                        href="/logout"
            >
                        Log out
            </a>
</li>,
        ],
        "className": "c-navbar",
      },
      "ref": null,
      "rendered": Array [
        Object {
          "instance": null,
          "key": undefined,
          "nodeType": "host",
          "props": Object {
            "children": Array [
              <i
                aria-hidden="true"
                className="fa fa-tachometer"
/>,
              <a
                href="/admin/"
>
                DashBoard
</a>,
            ],
          },
          "ref": null,
          "rendered": Array [
            Object {
              "instance": null,
              "key": undefined,
              "nodeType": "host",
              "props": Object {
                "aria-hidden": "true",
                "className": "fa fa-tachometer",
              },
              "ref": null,
              "rendered": null,
              "type": "i",
            },
            Object {
              "instance": null,
              "key": undefined,
              "nodeType": "host",
              "props": Object {
                "children": "DashBoard",
                "href": "/admin/",
              },
              "ref": null,
              "rendered": "DashBoard",
              "type": "a",
            },
          ],
          "type": "li",
        },
        Object {
          "instance": null,
          "key": undefined,
          "nodeType": "host",
          "props": Object {
            "children": Array [
              <i
                aria-hidden="true"
                className="fa fa-sign-out"
/>,
              <a
                href="/logout"
>
                Log out
</a>,
            ],
          },
          "ref": null,
          "rendered": Array [
            Object {
              "instance": null,
              "key": undefined,
              "nodeType": "host",
              "props": Object {
                "aria-hidden": "true",
                "className": "fa fa-sign-out",
              },
              "ref": null,
              "rendered": null,
              "type": "i",
            },
            Object {
              "instance": null,
              "key": undefined,
              "nodeType": "host",
              "props": Object {
                "children": "Log out",
                "href": "/logout",
              },
              "ref": null,
              "rendered": "Log out",
              "type": "a",
            },
          ],
          "type": "li",
        },
      ],
      "type": "div",
    },
  ],
  Symbol(enzyme.__options__): Object {
    "adapter": ReactSixteenAdapter {
      "options": Object {
        "enableComponentDidUpdateOnSetState": true,
      },
    },
    "disableLifecycleMethods": true,
  },
}
`;
